SELECT ARRAY[1,2,3]::vector;
  array  
---------
 [1,2,3]
(1 row)

SELECT ARRAY[1.0,2.0,3.0]::vector;
  array  
---------
 [1,2,3]
(1 row)

SELECT ARRAY[1,2,3]::float4[]::vector;
  array  
---------
 [1,2,3]
(1 row)

SELECT ARRAY[1,2,3]::float8[]::vector;
  array  
---------
 [1,2,3]
(1 row)

SELECT ARRAY[1,2,3]::numeric[]::vector;
  array  
---------
 [1,2,3]
(1 row)

SELECT '[1,2,3]'::vector::real[];
 float4  
---------
 {1,2,3}
(1 row)

SELECT '{1,2,3}'::real[]::vector;
 vector  
---------
 [1,2,3]
(1 row)

SELECT '{1,2,3}'::real[]::vector(3);
 vector  
---------
 [1,2,3]
(1 row)

SELECT '{1,2,3}'::real[]::vector(2);
ERROR:  expected 2 dimensions, not 3
SELECT '{NULL}'::real[]::vector;
ERROR:  array must not contain nulls
SELECT '{NaN}'::real[]::vector;
ERROR:  NaN not allowed in vector
SELECT '{Infinity}'::real[]::vector;
ERROR:  infinite value not allowed in vector
SELECT '{-Infinity}'::real[]::vector;
ERROR:  infinite value not allowed in vector
SELECT '{}'::real[]::vector;
ERROR:  vector must have at least 1 dimension
SELECT '{{1}}'::real[]::vector;
ERROR:  array must be one-dimensional
SELECT '{1,2,3}'::double precision[]::vector;
 vector  
---------
 [1,2,3]
(1 row)

SELECT '{1,2,3}'::double precision[]::vector(3);
 vector  
---------
 [1,2,3]
(1 row)

SELECT '{1,2,3}'::double precision[]::vector(2);
ERROR:  expected 2 dimensions, not 3
SELECT '{4e38,-4e38}'::double precision[]::vector;
ERROR:  infinite value not allowed in vector
SELECT '{1e-46,-1e-46}'::double precision[]::vector;
 vector 
--------
 [0,-0]
(1 row)

SELECT '[1,2,3]'::vector::halfvec;
 halfvec 
---------
 [1,2,3]
(1 row)

SELECT '[1,2,3]'::vector::halfvec(3);
 halfvec 
---------
 [1,2,3]
(1 row)

SELECT '[1,2,3]'::vector::halfvec(2);
ERROR:  expected 2 dimensions, not 3
SELECT '[65520]'::vector::halfvec;
ERROR:  "65520" is out of range for type halfvec
SELECT '[1e-8]'::vector::halfvec;
 halfvec 
---------
 [0]
(1 row)

SELECT '[1,2,3]'::halfvec::vector;
 vector  
---------
 [1,2,3]
(1 row)

SELECT '[1,2,3]'::halfvec::vector(3);
 vector  
---------
 [1,2,3]
(1 row)

SELECT '[1,2,3]'::halfvec::vector(2);
ERROR:  expected 2 dimensions, not 3
SELECT '{1,2,3}'::real[]::halfvec;
 halfvec 
---------
 [1,2,3]
(1 row)

SELECT '{1,2,3}'::real[]::halfvec(3);
 halfvec 
---------
 [1,2,3]
(1 row)

SELECT '{1,2,3}'::real[]::halfvec(2);
ERROR:  expected 2 dimensions, not 3
SELECT '{65520,-65520}'::real[]::halfvec;
ERROR:  "65520" is out of range for type halfvec
SELECT '{1e-8,-1e-8}'::real[]::halfvec;
 halfvec 
---------
 [0,-0]
(1 row)

SELECT '[0,1.5,0,3.5,0]'::vector::sparsevec;
    sparsevec    
-----------------
 {2:1.5,4:3.5}/5
(1 row)

SELECT '[0,1.5,0,3.5,0]'::vector::sparsevec(5);
    sparsevec    
-----------------
 {2:1.5,4:3.5}/5
(1 row)

SELECT '[0,1.5,0,3.5,0]'::vector::sparsevec(4);
ERROR:  expected 4 dimensions, not 5
SELECT '{2:1.5,4:3.5}/5'::sparsevec::vector;
     vector      
-----------------
 [0,1.5,0,3.5,0]
(1 row)

SELECT '{2:1.5,4:3.5}/5'::sparsevec::vector(5);
     vector      
-----------------
 [0,1.5,0,3.5,0]
(1 row)

SELECT '{2:1.5,4:3.5}/5'::sparsevec::vector(4);
ERROR:  expected 4 dimensions, not 5
SELECT '{}/16001'::sparsevec::vector;
ERROR:  vector cannot have more than 16000 dimensions
SELECT '[0,1.5,0,3.5,0]'::halfvec::sparsevec;
    sparsevec    
-----------------
 {2:1.5,4:3.5}/5
(1 row)

SELECT '[0,1.5,0,3.5,0]'::halfvec::sparsevec(5);
    sparsevec    
-----------------
 {2:1.5,4:3.5}/5
(1 row)

SELECT '[0,1.5,0,3.5,0]'::halfvec::sparsevec(4);
ERROR:  expected 4 dimensions, not 5
SELECT '{2:1.5,4:3.5}/5'::sparsevec::halfvec;
     halfvec     
-----------------
 [0,1.5,0,3.5,0]
(1 row)

SELECT '{2:1.5,4:3.5}/5'::sparsevec::halfvec(5);
     halfvec     
-----------------
 [0,1.5,0,3.5,0]
(1 row)

SELECT '{2:1.5,4:3.5}/5'::sparsevec::halfvec(4);
ERROR:  expected 4 dimensions, not 5
SELECT '{}/16001'::sparsevec::halfvec;
ERROR:  halfvec cannot have more than 16000 dimensions
SELECT '{1:65520}/1'::sparsevec::halfvec;
ERROR:  "65520" is out of range for type halfvec
SELECT '{1:1e-8}/1'::sparsevec::halfvec;
 halfvec 
---------
 [0]
(1 row)

SELECT '{2:1.5,4:3.5}/5'::sparsevec::real[];
     float4      
-----------------
 {0,1.5,0,3.5,0}
(1 row)

SELECT array_length('{}/16001'::sparsevec::real[], 1);
 array_length 
--------------
        16001
(1 row)

SELECT array_agg(n)::vector FROM generate_series(1, 16001) n;
ERROR:  vector cannot have more than 16000 dimensions
SELECT array_to_vector(array_agg(n), 16001, false) FROM generate_series(1, 16001) n;
ERROR:  vector cannot have more than 16000 dimensions
SELECT ARRAY[NULL]::real[]::sparsevec;
ERROR:  array must not contain nulls
SELECT ARRAY[NULL,1,2,3]::sparsevec;
ERROR:  array must not contain nulls
SELECT ARRAY[1,2,3]::sparsevec;
      array      
-----------------
 {1:1,2:2,3:3}/3
(1 row)

SELECT ARRAY[.1,2,3]::sparsevec;
       array       
-------------------
 {1:0.1,2:2,3:3}/3
(1 row)

SELECT ARRAY[1,2,3]::float4[]::sparsevec;
      array      
-----------------
 {1:1,2:2,3:3}/3
(1 row)

SELECT ARRAY[1,2,3]::float8[]::sparsevec;
      array      
-----------------
 {1:1,2:2,3:3}/3
(1 row)

SELECT ARRAY[1,2,3]::numeric[]::sparsevec;
      array      
-----------------
 {1:1,2:2,3:3}/3
(1 row)

SELECT ARRAY[1,2,0,3]::real[]::sparsevec(2);
ERROR:  expected 2 dimensions, not 4
SELECT ARRAY[1,2,0,3]::real[]::sparsevec(4);
      array      
-----------------
 {1:1,2:2,4:3}/4
(1 row)

SELECT ARRAY[1,2,0,3]::real[]::sparsevec(40);
ERROR:  expected 40 dimensions, not 4
SELECT array_agg(n)::sparsevec FROM generate_series(1, 16001) n;
ERROR:  sparsevec cannot have more than 16000 non-zero elements
SELECT ARRAY(SELECT (i % 307 = 0)::integer FROM generate_series(1, 40000) AS i)::sparsevec;
                                                                                                                                                                                                                                                                                                                                                                                                                                                                                                                        array                                                                                                                                                                                                                                                                                                                                                                                                                                                                                                                         
------------------------------------------------------------------------------------------------------------------------------------------------------------------------------------------------------------------------------------------------------------------------------------------------------------------------------------------------------------------------------------------------------------------------------------------------------------------------------------------------------------------------------------------------------------------------------------------------------------------------------------------------------------------------------------------------------------------------------------------------------------------------------------------------------------------------------------------------------------------------------------------------------------------------------------------------------------------------------------------------------------------------------------------------------
 {307:1,614:1,921:1,1228:1,1535:1,1842:1,2149:1,2456:1,2763:1,3070:1,3377:1,3684:1,3991:1,4298:1,4605:1,4912:1,5219:1,5526:1,5833:1,6140:1,6447:1,6754:1,7061:1,7368:1,7675:1,7982:1,8289:1,8596:1,8903:1,9210:1,9517:1,9824:1,10131:1,10438:1,10745:1,11052:1,11359:1,11666:1,11973:1,12280:1,12587:1,12894:1,13201:1,13508:1,13815:1,14122:1,14429:1,14736:1,15043:1,15350:1,15657:1,15964:1,16271:1,16578:1,16885:1,17192:1,17499:1,17806:1,18113:1,18420:1,18727:1,19034:1,19341:1,19648:1,19955:1,20262:1,20569:1,20876:1,21183:1,21490:1,21797:1,22104:1,22411:1,22718:1,23025:1,23332:1,23639:1,23946:1,24253:1,24560:1,24867:1,25174:1,25481:1,25788:1,26095:1,26402:1,26709:1,27016:1,27323:1,27630:1,27937:1,28244:1,28551:1,28858:1,29165:1,29472:1,29779:1,30086:1,30393:1,30700:1,31007:1,31314:1,31621:1,31928:1,32235:1,32542:1,32849:1,33156:1,33463:1,33770:1,34077:1,34384:1,34691:1,34998:1,35305:1,35612:1,35919:1,36226:1,36533:1,36840:1,37147:1,37454:1,37761:1,38068:1,38375:1,38682:1,38989:1,39296:1,39603:1,39910:1}/40000
(1 row)

-- ensure no error
SELECT ARRAY[1,2,3] = ARRAY[1,2,3];
 ?column? 
----------
 t
(1 row)
